--------------------------------------------------------------------------------
Release 14.7 Trace  (nt)
Copyright (c) 1995-2013 Xilinx, Inc.  All rights reserved.

F:\WinShare\14.7\ISE_DS\ISE\bin\nt\unwrapped\trce.exe -intstyle ise -v 3 -s 4
-n 3 -fastpaths -xml decoder_7_seg.twx decoder_7_seg.ncd -o decoder_7_seg.twr
decoder_7_seg.pcf -ucf decoder_7_seg_elbert.ucf

Design file:              decoder_7_seg.ncd
Physical constraint file: decoder_7_seg.pcf
Device,package,speed:     xc3s50a,tq144,-4 (PRODUCTION 1.42 2013-10-13)
Report level:             verbose report

Environment Variable      Effect 
--------------------      ------ 
NONE                      No environment variables were set
--------------------------------------------------------------------------------

INFO:Timing:2698 - No timing constraints found, doing default enumeration.
INFO:Timing:3412 - To improve timing, see the Timing Closure User Guide (UG612).
INFO:Timing:2752 - To get complete path coverage, use the unconstrained paths 
   option. All paths that are not constrained will be reported in the 
   unconstrained paths section(s) of the report.
INFO:Timing:3339 - The clock-to-out numbers in this timing report are based on 
   a 50 Ohm transmission line loading model.  For the details of this model, 
   and for more information on accounting for different loading conditions, 
   please see the device datasheet.
INFO:Timing:3390 - This architecture does not support a default System Jitter 
   value, please add SYSTEM_JITTER constraint to the UCF to modify the Clock 
   Uncertainty calculation.
INFO:Timing:3389 - This architecture does not support 'Discrete Jitter' and 
   'Phase Error' calculations, these terms will be zero in the Clock 
   Uncertainty calculation.  Please make appropriate modification to 
   SYSTEM_JITTER to account for the unsupported Discrete Jitter and Phase 
   Error.



Data Sheet report:
-----------------
All values displayed in nanoseconds (ns)

Pad to Pad
---------------+---------------+---------+
Source Pad     |Destination Pad|  Delay  |
---------------+---------------+---------+
D<0>           |SEG<1>         |    8.595|
D<0>           |SEG<2>         |    8.078|
D<0>           |SEG<3>         |    8.198|
D<0>           |SEG<4>         |    7.787|
D<0>           |SEG<5>         |    8.065|
D<0>           |SEG<6>         |    8.115|
D<0>           |SEG<7>         |    8.080|
D<1>           |SEG<1>         |    8.233|
D<1>           |SEG<2>         |    8.090|
D<1>           |SEG<3>         |    7.775|
D<1>           |SEG<4>         |    7.753|
D<1>           |SEG<5>         |    7.749|
D<1>           |SEG<6>         |    7.799|
D<1>           |SEG<7>         |    7.607|
D<2>           |SEG<1>         |    9.820|
D<2>           |SEG<2>         |    8.275|
D<2>           |SEG<3>         |    9.252|
D<2>           |SEG<4>         |    7.975|
D<2>           |SEG<5>         |    9.299|
D<2>           |SEG<6>         |    9.349|
D<2>           |SEG<7>         |    8.120|
D<3>           |SEG<1>         |    9.731|
D<3>           |SEG<2>         |    8.487|
D<3>           |SEG<3>         |    9.398|
D<3>           |SEG<4>         |    8.151|
D<3>           |SEG<5>         |    9.246|
D<3>           |SEG<6>         |    9.296|
D<3>           |SEG<7>         |    7.997|
---------------+---------------+---------+


Analysis completed Fri Aug 21 12:15:42 2015 
--------------------------------------------------------------------------------

Trace Settings:
-------------------------
Trace Settings 

Peak Memory Usage: 101 MB



